// Vitest Snapshot v1, https://vitest.dev/guide/snapshot.html

exports[`createSignedAddProviderPayload > returns the correct payload 1`] = `
{
  "endpoint": {
    "extrinsic": "createSponsoredAccountWithDelegation",
    "pallet": "msa",
  },
  "payload": {
    "authorizedMsaId": "1",
    "expiration": 100,
    "schemaIds": [
      8,
      9,
      10,
      15,
    ],
  },
  "signature": {
    "algo": "SECP256K1",
    "encodedValue": "fake-signature",
    "encoding": "base16",
  },
  "type": "addProvider",
}
`;

exports[`createSignedGraphKeyPayload > returns the correct payload 1`] = `
{
  "endpoint": {
    "extrinsic": "applyItemActionsWithSignatureV2",
    "pallet": "statefulStorage",
  },
  "payload": {
    "actions": [
      {
        "payloadHex": "0x40a6836ea489047852d3f0297f8fe8ad6779793af4e9c6274c230c207b9b825026",
        "type": "addItem",
      },
    ],
    "expiration": 100,
    "schemaId": 7,
    "targetHash": 0,
  },
  "signature": {
    "algo": "SECP256K1",
    "encodedValue": "fake-signature-for-graph",
    "encoding": "base16",
  },
  "type": "itemActions",
}
`;
