// Vitest Snapshot v1, https://vitest.dev/guide/snapshot.html

exports[`createSignedLogInPayload > returns the correct payload 1`] = `
{
  "credentials": [],
  "payloads": [
    {
      "payload": {
        "message": "your-app.com wants you to sign in with your Frequency account:
frequency:123:0xf24FF3a9CF04c71Dbc94D0b566f7A27B94566cac

URI: https://your-app.com/signin/callback
Version: 1
Nonce: N6rLwqyz34oUxJEXJ
Chain ID: frequency:123
Issued At: 2024-10-29T19:17:27.077Z",
      },
      "signature": {
        "algo": "SECP256K1",
        "encodedValue": "0x461e9584dc25ea8fd30ab00b6b1df5d313e8e7bbc1cee24950376aa3e416645137984b2ebd9bbb40ecc2f79b2dbff0eff96d689db6267c216ea2cb074931006e1b",
        "encoding": "base16",
      },
      "type": "login",
    },
  ],
  "userPublicKey": {
    "encodedValue": "0xf24FF3a9CF04c71Dbc94D0b566f7A27B94566cac",
    "encoding": "base16",
    "format": "eip-55",
    "type": "Secp256k1",
  },
}
`;
